\BOOKMARK [0][-]{chapter*.2}{\376\377\000A\000b\000s\000t\000r\000a\000c\000t}{}% 1
\BOOKMARK [0][-]{chapter*.2}{\376\377\000I\000n\000h\000a\000l\000t\000s\000v\000e\000r\000z\000e\000i\000c\000h\000n\000i\000s}{}% 2
\BOOKMARK [0][-]{chapter*.3}{\376\377\000E\000h\000r\000e\000n\000w\000\366\000r\000t\000l\000i\000c\000h\000e\000\040\000E\000r\000k\000l\000\344\000r\000u\000n\000g}{}% 3
\BOOKMARK [0][-]{chapter*.4}{\376\377\000A\000b\000b\000i\000l\000d\000u\000n\000g\000s\000v\000e\000r\000z\000e\000i\000c\000h\000n\000i\000s}{}% 4
\BOOKMARK [0][-]{chapter*.5}{\376\377\000T\000a\000b\000e\000l\000l\000e\000n\000v\000e\000r\000z\000e\000i\000c\000h\000n\000i\000s}{}% 5
\BOOKMARK [0][-]{chapter*.6}{\376\377\000A\000b\000k\000\374\000r\000z\000u\000n\000g\000s\000v\000e\000r\000z\000e\000i\000c\000h\000n\000i\000s}{}% 6
\BOOKMARK [0][-]{chapter.1}{\376\377\000E\000i\000n\000l\000e\000i\000t\000u\000n\000g}{}% 7
\BOOKMARK [1][-]{section.1.1}{\376\377\000A\000u\000s\000g\000a\000n\000g\000s\000s\000i\000t\000u\000a\000t\000i\000o\000n}{chapter.1}% 8
\BOOKMARK [1][-]{section.1.2}{\376\377\000P\000r\000o\000b\000l\000e\000m\000s\000t\000e\000l\000l\000u\000n\000g}{chapter.1}% 9
\BOOKMARK [1][-]{section.1.3}{\376\377\000Z\000i\000e\000l\000s\000e\000t\000z\000u\000n\000g}{chapter.1}% 10
\BOOKMARK [1][-]{section.1.4}{\376\377\000V\000o\000r\000g\000e\000h\000e\000n\000s\000w\000e\000i\000s\000e}{chapter.1}% 11
\BOOKMARK [0][-]{chapter.2}{\376\377\000B\000e\000w\000e\000g\000u\000n\000g}{}% 12
\BOOKMARK [1][-]{section.2.1}{\376\377\000D\000e\000f\000i\000n\000i\000t\000i\000o\000n\000\040\000d\000e\000r\000\040\000B\000e\000w\000e\000g\000u\000n\000g\000\040\000i\000n\000\040\000B\000e\000z\000u\000g\000\040\000a\000u\000f\000\040\000d\000a\000s\000\040\000S\000y\000s\000t\000e\000m}{chapter.2}% 13
\BOOKMARK [1][-]{section.2.2}{\376\377\000W\000e\000l\000c\000h\000e\000\040\000K\000\366\000r\000p\000e\000r\000t\000e\000i\000l\000e\000\040\000w\000e\000r\000d\000e\000n\000\040\000g\000e\000n\000u\000t\000z\000t\000?}{chapter.2}% 14
\BOOKMARK [0][-]{chapter.3}{\376\377\000G\000r\000u\000n\000d\000l\000a\000g\000e\000n\000\040\000d\000e\000r\000\040\000S\000e\000n\000s\000o\000r\000i\000k\000\040\000u\000n\000d\000\040\000H\000a\000r\000d\000w\000a\000r\000e}{}% 15
\BOOKMARK [1][-]{section.3.1}{\376\377\000E\000i\000n\000f\000\374\000h\000r\000u\000n\000g}{chapter.3}% 16
\BOOKMARK [2][-]{subsection.3.1.1}{\376\377\000W\000a\000s\000\040\000i\000s\000t\000\040\000S\000e\000n\000s\000o\000r\000i\000k\000\040\000u\000n\000d\000\040\000H\000a\000r\000d\000w\000a\000r\000e\000?}{section.3.1}% 17
\BOOKMARK [2][-]{subsection.3.1.2}{\376\377\000W\000a\000r\000u\000m\000\040\000i\000s\000t\000\040\000S\000e\000n\000s\000o\000r\000i\000k\000\040\000f\000\374\000r\000\040\000d\000i\000e\000\040\000B\000e\000w\000e\000g\000u\000n\000g\000s\000e\000r\000k\000e\000n\000n\000u\000n\000g\000\040\000r\000e\000l\000e\000v\000a\000n\000t\000?}{section.3.1}% 18
\BOOKMARK [1][-]{section.3.2}{\376\377\000A\000u\000s\000w\000a\000h\000l\000\040\000d\000e\000r\000\040\000H\000a\000r\000d\000w\000a\000r\000e}{chapter.3}% 19
\BOOKMARK [2][-]{subsection.3.2.1}{\376\377\000A\000r\000d\000u\000i\000n\000o\000\040\000N\000a\000n\000o\000\040\0003\0003\000\040\000B\000L\000E\000\040\000R\000E\000V\0002}{section.3.2}% 20
\BOOKMARK [2][-]{subsection.3.2.2}{\376\377\000R\000a\000s\000p\000b\000e\000r\000r\000y\000\040\000P\000i\000\040\0004}{section.3.2}% 21
\BOOKMARK [2][-]{subsection.3.2.3}{\376\377\000W\000a\000r\000u\000m\000\040\000d\000i\000e\000s\000e\000\040\000K\000o\000m\000b\000i\000n\000a\000t\000i\000o\000n\000?}{section.3.2}% 22
\BOOKMARK [1][-]{section.3.3}{\376\377\000S\000e\000n\000s\000o\000r\000e\000n\000\040\000z\000u\000r\000\040\000B\000e\000w\000e\000g\000u\000n\000g\000s\000e\000r\000k\000e\000n\000n\000u\000n\000g}{chapter.3}% 23
\BOOKMARK [0][-]{chapter.4}{\376\377\000S\000c\000h\000w\000i\000e\000r\000i\000g\000k\000e\000i\000t\000e\000n}{}% 24
\BOOKMARK [1][-]{section.4.1}{\376\377\000V\000e\000r\000s\000c\000h\000i\000e\000d\000e\000n\000e\000\040\000K\000o\000n\000d\000i\000t\000i\000o\000n\000e\000n}{chapter.4}% 25
\BOOKMARK [1][-]{section.4.2}{\376\377\000H\000a\000r\000d\000w\000a\000r\000e}{chapter.4}% 26
\BOOKMARK [1][-]{section.4.3}{\376\377\000M\000e\000s\000s\000f\000r\000e\000q\000u\000e\000n\000z\000\040\000u\000n\000d\000\040\000D\000a\000t\000e\000n\000e\000r\000f\000a\000s\000s\000u\000n\000g}{chapter.4}% 27
\BOOKMARK [0][-]{chapter.5}{\376\377\000D\000a\000t\000e\000n\000v\000e\000r\000a\000r\000b\000e\000i\000t\000u\000n\000g\000\040\000u\000n\000d\000\040\000M\000a\000c\000h\000i\000n\000e\000\040\000L\000e\000a\000r\000n\000i\000n\000g}{}% 28
\BOOKMARK [0][-]{chapter.6}{\376\377\000P\000r\000o\000t\000o\000t\000y\000p\000-\000E\000r\000s\000t\000e\000l\000l\000u\000n\000g\000\040\000u\000n\000d\000\040\000T\000e\000s\000t\000p\000h\000a\000s\000e}{}% 29
\BOOKMARK [0][-]{chapter.7}{\376\377\000K\000r\000i\000t\000i\000s\000c\000h\000e\000\040\000R\000e\000f\000l\000e\000x\000i\000o\000n\000\040\000u\000n\000d\000\040\000A\000u\000s\000b\000l\000i\000c\000k}{}% 30
